0	http://www.thehindu.com/ebooks/?bookname=the-nxt-step-2014&amp;utm_source=homepage&amp;utm_medium=banner&amp;utm_campaign=ebook-widget
1	http://www.thehindu.com/business/?w=alauto
2	http://www.thehindu.com/multimedia/archive/02422/amazon-logo_2422104a.png
3	http://www.thehindu.com/news/cities/Vijayawada/?utm_source=navigation&amp;utm_medium=menu2&amp;utm_campaign=topnav
4	http://www.thehindu.com/multimedia/dynamic/02430/SERENA_2430390i.jpg
5	http://www.thehindu.com/news/national/prime-minister-narendra-modis-twoday-bangladesh-visit/article7289321.ece?homepage=true#comments"
6	http://www.thehindu.com/multimedia/dynamic/02429/06TH-KANDALA_24293_2429941r.jpg
7	http://www.thehindu.com/multimedia/dynamic/02430/raga_2430431k.jpg
8	http://www.thehindu.com/features/cinema/kasimedu-to-kollywood/article7289253.ece?ref=topnavwidget&amp;utm_source=topnavdd&amp;utm_medium=topnavdropdownwidget&amp;utm_campaign=topnavdropdown
9	http://www.thehindu.com/news/cities/puducherry/?utm_source=navigation&amp;utm_medium=menu2&amp;utm_campaign=topnav
